771a4f6ff5a3510ada004bf79c61a1b9  uboot-2014.07-pine64.img.gz https://github.com/BPI-SINOVOIP/BPI-files/raw/master/SD/100MB/uboot-2014.07-pine64.img.gz v0.1.1(20160704) 8k
fa91c4c3b6a2e4dac13ce2f87cbd4f76  u-boot-2016.05-bpi-m1-m1p-r1-legacy.img.gz https://github.com/BPI-SINOVOIP/BPI-files/raw/master/SD/100MB/u-boot-2016.05-bpi-m1-m1p-r1-legacy.img.gz v1.1.1(20160704) 8k
808a7b3cf68eeb98d52eda3e08eb01ba  u-boot-2016.05-bpi-m1-legacy.img.gz https://github.com/BPI-SINOVOIP/BPI-files/raw/master/SD/100MB/u-boot-2016.05-bpi-m1-legacy.img.gz v1.1.0 8k
990c137f7324972315846e1f1b617251  u-boot-2016.05-bpi-m1p-legacy.img.gz https://github.com/BPI-SINOVOIP/BPI-files/raw/master/SD/100MB/u-boot-2016.05-bpi-m1p-legacy.img.gz v1.1.0 8k
7a1129f52a9ecdebaaf2f8f50cbbfeb2  u-boot-2016.05-bpi-r1-legacy.img.gz https://github.com/BPI-SINOVOIP/BPI-files/blob/master/SD/100MB/u-boot-2016.05-bpi-r1-legacy.img.gz v1.1.0 8k
5b58ce911d4e6887c540af949e9b451c  BPI_M2P_720P-openelec.img.gz https://github.com/BPI-SINOVOIP/BPI-files/raw/master/SD/100MB/BPI_M2P_720P-openelec.img.gz v1.2.6 8k
73ee2dc3dc2735fa3edcb27247eb86b6  BPI_M2_720P.img.gz https://github.com/BPI-SINOVOIP/BPI-files/raw/master/SD/100MB/BPI_M2_720P.img.gz v.1.2.3 8k
a479c8a9953061d2062c2be080e43825  BPI_M2P_720P.img.gz https://github.com/BPI-SINOVOIP/BPI-files/raw/master/SD/100MB/BPI_M2P_720P.img.gz v1.2.6 8k
40bff6c98c4d71b576439acb76728074  BPI_M3_720P.img.gz https://github.com/BPI-SINOVOIP/BPI-files/raw/master/SD/100MB/BPI_M3_720P.img.gz v1.2.9 8k
3231142a5f94ca2ff9b8a0c9346479db  uboot-bpi-m2.img.gz https://github.com/BPI-SINOVOIP/BPI-files/raw/master/SD/100MB/uboot-bpi-m2.img.gz v1.0 8k
703aa13ffa187dfbfab32c1fe4a15b84  BPI-BOOT.tgz https://github.com/BPI-SINOVOIP/BPI-files/raw/master/SD/BPI-BOOT/BPI-BOOT.tgz v1.1.0(2016-08-10) /boot
0fcf9688a91ee7c888dc8de0300e462e  bpi-tools.tgz https://github.com/BPI-SINOVOIP/BPI-files/raw/master/SD/BPI-ROOT/bpi-tools.tgz v1.0.10-github(2016-10-07) /
12a11c206228ab99676b9ac823145fbc  3.3.0-BPI-M2-Kernel.tgz https://github.com/BPI-SINOVOIP/BPI-files/raw/master/SD/BPI-ROOT/3.3.0-BPI-M2-Kernel.tgz v1.2.3 /
738de3dd357b1a6dd5382be4d14300bd  3.4.39-BPI-M2P-Kernel.tgz https://github.com/BPI-SINOVOIP/BPI-files/raw/master/SD/BPI-ROOT/3.4.39-BPI-M2P-Kernel.tgz v1.2.6 /
72dc8d5f1cef0b02a29a69a37fd35a12  3.4.39-BPI-M3-Kernel.tgz https://github.com/BPI-SINOVOIP/BPI-files/raw/master/SD/BPI-ROOT/3.4.39-BPI-M3-Kernel.tgz (2016-07-26,v1.2.9) /
9409abd6c77f49cb65fd8476fd11aa49  3.4.112-sun7i.tgz https://github.com/BPI-SINOVOIP/BPI-files/raw/master/SD/BPI-ROOT/3.4.112-sun7i.tgz v1.1.1(2016-07-06) /
cf017f318bcd3dbb8fcb3631e2ed8622  3.4.112-sun8i.tgz https://github.com/BPI-SINOVOIP/BPI-files/raw/master/SD/BPI-ROOT/3.4.112-sun8i.tgz v1.1.0 /
ae03bc75c2d34fa35132de0b7b202aa3  3.10.101-pine64-bpi-m64.tgz https://github.com/BPI-SINOVOIP/BPI-files/raw/master/SD/BPI-ROOT/3.10.101-pine64-bpi-m64.tgz v1.0.0 /
5000b344072c788189427c9802756901  rpi-kernel.tgz https://github.com/BPI-SINOVOIP/BPI-files/raw/master/SD/BPI-ROOT/rpi-kernel.tgz v1.1.1(2016-07-23) /
38293c21d804342ec5a1cc0dcd4a7866  4.6.5-300.fc24.armv7hl.tgz https://github.com/BPI-SINOVOIP/BPI-files/raw/master/SD/BPI-ROOT/4.6.5-300.fc24.armv7hl.tgz v1.0.1(2016-08-10) /
b32da371c09b60a64730f4f045e42d7e  4.2.0-BPI-kernel+.tgz https://github.com/BPI-SINOVOIP/BPI-files/raw/master/SD/BPI-ROOT/4.2.0-BPI-kernel+.tgz v1.0 /
eec93856fc04c7fb9a4a43a6db677b00  bpi-m2-video.tgz https://github.com/BPI-SINOVOIP/BPI-files/raw/master/SD/BPI-ROOT/bpi-m2-video.tgz v1.0 /
9516db125a5d31a709be90fa26e5feb1  libvdpau_sunxi.tgz https://github.com/BPI-SINOVOIP/BPI-files/raw/master/SD/BPI-ROOT/libvdpau_sunxi.tgz v1.0 /
992bb017e7e59b49c0544edb189889b1  brcm.tgz https://github.com/BPI-SINOVOIP/BPI-files/raw/master/SD/BPI-ROOT/brcm.tgz v1.0 /
b735e80b7c0118bd7695a79b96eaae94  bt.tgz https://github.com/BPI-SINOVOIP/BPI-files/raw/master/SD/BPI-ROOT/bt.tgz v1.6(2016.07.23) /
