95cab9900f0e5885d155a405a0259623  2016-08-26-ezgo-berryboot-preview-bpi-m2p.img.zip https://googledrive.com/host/0B_YnvHgh2rwjbFhSeExKM1dvOWs
cbcab9f4141f4d884b7c3cf80b4e79cc  2016-08-26-ezgo-berryboot-preview-bpi-m3.img.zip https://googledrive.com/host/0B_YnvHgh2rwjdkhwYWdLbndpMFE
295f94d7d70cd298faa73fcafb8694d3  2016-08-24-berryboot-preview-bpi-m2p.img.zip https://googledrive.com/host/0B_YnvHgh2rwjWjlQZC15RkJMd1U
d242f1914913ad2b73139780ef601c4d  2016-08-24-berryboot-preview-bpi-m3.img.zip https://googledrive.com/host/0B_YnvHgh2rwjMENTWEgwckFRaW8
781b8e33047439f74801224b27571d5d  2016-08-11-Fedora-SoaS-armhfp-24-1.2-sda.raw-preview-bpi-m1.img.zip https://googledrive.com/host/0B_YnvHgh2rwjQWdXY0s3NlBfb0E
d3d16b5871ead878473c8058b54eb9e6  2016-08-10-openSUSE-Tumbleweed-ARM-JeOS-bananapi.armv7l-2016.06.12-Build2.11-nodered-preview-bpi-m1.img.zip https://googledrive.com/host/0B_YnvHgh2rwjQmh5MnpQb3VCX00
04919cfc9c259a6846442643d26d2855  2016-08-10-Fedora-Mate-armhfp-24-1.2-sda.raw-nodered-preview-bpi-m1.img.zip https://googledrive.com/host/0B_YnvHgh2rwjM19qQ0tlZDJrdUU
9b88248f22f6c77be99ab0fdccd62716  2016-08-05-Armbian_5.17_Lamobo-r1_Ubuntu_xenial_4.6.5_desktop-build-by-bpi-r1.img.zip https://googledrive.com/host/0B_YnvHgh2rwjbzFITldLY2VjOVE
f6952fc265ba26c953eb929d23d1ac95  2016-08-04-Armbian_5.17_Lamobo-r1_Debian_jessie_4.6.5_desktop-build-by-bpi-r1.img.zip https://googledrive.com/host/0B_YnvHgh2rwjV3I5RlpwdmZHYWs
155f072da499a7c523b7394f77dd9def  2016-07-21-ubuntu-mate-16.04-desktop-armhf-raspberry-pi-bpi-m1-m1p-r1-sd-emmc.img.zip https://googledrive.com/host/0B_YnvHgh2rwjY0VlUGdobzFtdk0
a0ed7c70ab787b2953461ca702ee78b2  2016-07-21-ubuntu-mate-16.04-desktop-armhf-raspberry-pi-bpi-m2-sd-emmc.img.zip https://googledrive.com/host/0B_YnvHgh2rwjTWFKdGVpbnRqS1E
4d5c85920a355c213cb306d0d71f548f  2016-07-21-ubuntu-mate-16.04-desktop-armhf-raspberry-pi-bpi-m2p-sd-emmc.img.zip https://googledrive.com/host/0B_YnvHgh2rwjdTJWbVp5V1NPUTg
ef066f2bd78eeadbf7b2675197d3124d  2016-07-21-ubuntu-mate-16.04-desktop-armhf-raspberry-pi-bpi-m3-sd-emmc.img.zip https://googledrive.com/host/0B_YnvHgh2rwjTElER3djb0FhYzQ
60e27a4c1ea24d3581333ecde562fa27  2016-07-21-ubuntu-mate-16.04-desktop-armhf-raspberry-pi-bpi-m64-sd-emmc.img.zip https://googledrive.com/host/0B_YnvHgh2rwjcUhZY1d2aXlFcTA
37d6599eac4daced375fba8fa58dc1d5  2016-07-19-edu-ubuntu-mate-1604-preview-bpi-m1-m1p-r1.img.zip https://googledrive.com/host/0B_YnvHgh2rwjUXZmZTh3ZG5LTEU
ca175a9e2dc05f0c00f70d193d8cc020  2016-07-19-edu-ubuntu-mate-1604-preview-bpi-m2.img.zip https://googledrive.com/host/0B_YnvHgh2rwjUDhMaDctSDlkMU0
988f4f457910c1d35b724e337b89b226  2016-07-19-edu-ubuntu-mate-1604-preview-bpi-m2p.img.zip https://googledrive.com/host/0B_YnvHgh2rwjdXlMTWh5Ni1LRU0
fb2c9c8413edaa004ab414cb72544a7e  2016-07-19-edu-ubuntu-mate-1604-preview-bpi-m3.img.zip https://googledrive.com/host/0B_YnvHgh2rwjOXFoZF9EenI3M1U
e7cf0c03baa2e7d6c49e4744ed4d1095  2016-07-19-edu-ubuntu-mate-1604-preview-bpi-m64.img.zip https://googledrive.com/host/0B_YnvHgh2rwjSTQ5V2ItMXlEeVE
02f561510c4109567b1f09d8e068db50  2016-07-18-bpi-m3-mate1604-0619.img.zip https://googledrive.com/host/0B_YnvHgh2rwjVzRiM0tITmRkVGM
1951f3abc0a54675d9bbbac387760e4e  2016-07-15-Kanux-Beta-3.3.0-preview-bpi-m1-m1p-r1.img.zip https://googledrive.com/host/0B_YnvHgh2rwjaXQtVGUtbFplTUU
e31405a5783aa62b67c9c1d550fe4fab  2016-07-15-Kanux-Beta-3.3.0-preview-bpi-m2p.img.zip https://googledrive.com/host/0B_YnvHgh2rwjXy1FQ0F3ajVvVVE
7dcd210b9cd6276e990dc8dcb617e9db  2016-07-15-Kanux-Beta-3.3.0-preview-bpi-m3.img.zip https://googledrive.com/host/0B_YnvHgh2rwjMGtqWkFpMlhSTDQ
6b7e0eadb85459b3e3a6ef1f9ec36a08  2016-07-15-Kanux-Beta-3.3.0-preview-bpi-m64.img.zip https://googledrive.com/host/0B_YnvHgh2rwjYzNWWER4a3h4LWs
156b09907586ea9e86481bda73f4254f  2016-07-13-raspbian-jessie-bpi-m1-m1p-r1.img.zip https://googledrive.com/host/0B_YnvHgh2rwjdTh5ZnVZam1rb0E
d3dbc4e70139538a666ec2176bccb7a8  2016-07-13-raspbian-jessie-bpi-m2p.img.zip https://googledrive.com/host/0B_YnvHgh2rwjbGRQamVmYlppc28
a52e9205e400d559728b1cfa3f6b58ba  2016-07-13-raspbian-jessie-bpi-m3.img.zip https://googledrive.com/host/0B_YnvHgh2rwjQ0lkakxQeEJFQVU
9be9064dd74c5faad98aed75e7cd39b6  2016-07-13-raspbian-jessie-bpi-m64.img.zip https://googledrive.com/host/0B_YnvHgh2rwjb3VqQTczVDBFSnM
302063f7417079390da79334258dd538  2016-07-12-raspbian-lite-bpi-m1-m1p-r1.img.zip https://googledrive.com/host/0B_YnvHgh2rwjRXRuWHJ5V3BJTmc
39646aa1fd070f3a74908cfb422d3b35  2016-07-12-raspbian-lite-bpi-m2p.img.zip https://googledrive.com/host/0B_YnvHgh2rwjdWp0bXRheHNJM1E
bce09c9a4610cba893943e5653449073  2016-07-12-raspbian-lite-bpi-m3.img.zip https://googledrive.com/host/0B_YnvHgh2rwjMlhfUTZZY0RubFU
9e063b9bb7373f09c918f1516dd5b759  2016-07-12-raspbian-lite-bpi-m64.img.zip https://googledrive.com/host/0B_YnvHgh2rwjNmQwUi1Ia2RuRkk
b900b9ba3b0f664a2cfae1fa1146b2fa  2016-07-10-ubuntu-16.04-xenial-minimal-preview-bpi-m1-m1p-r1.img.zip https://googledrive.com/host/0B_YnvHgh2rwjUXFrU0ZDX3Z2NlE
ea5198fd12b006c953e2d59e7a29d431  2016-07-10-ubuntu-16.04-xenial-minimal-preview-bpi-m2p.img.zip https://googledrive.com/host/0B_YnvHgh2rwjQk8zRldzT0VHbGs
a9a84e90435f0e3deddb6640246168fa  2016-07-10-ubuntu-16.04-xenial-minimal-preview-bpi-m3.img.zip https://googledrive.com/host/0B_YnvHgh2rwjS0JNZEl6dmhCZUU
ba583cb8205844a93147f5efc59fd30c  2016-07-01-ubuntu-mate-16.04-Xenial-gpu-mpv-bt-nodejs-beta3-bpi-m3-sd-emmc.img.zip https://googledrive.com/host/0B_YnvHgh2rwjQTFxNlI5RnUtbUk
893b92a773772f55002a7c695f7ce92c  2016-06-24-u1604a-mate-bpi-autorun-bpi-m2p.img.zip https://googledrive.com/host/0B_YnvHgh2rwjWmVIc0dkWWFNZG8
5af633b0f731da08abe236e2ec922f69  2016-06-14-busybox-1.24.2-preview-bpi-m3.img.zip https://googledrive.com/host/0B6FbwMfcqfFZc0hSbzJUVURsZTg
b04a903a9c6ddfbc5b6c94505d629004  2016-06-11-ubuntu-mate-16.04-Xenial-ros-kinetic-preview-bpi-m3-sd-emmc.img.zip https://googledrive.com/host/0B_YnvHgh2rwjSndocDFhWUZTdm8
33fa262a99ebbdbe1b357395bc7be43b  2016-06-04-ubuntu-mate-16.04-Xenial-preview-bpi-r1-sd-emmc.img.zip https://googledrive.com/host/0B_YnvHgh2rwjQ1JJNkpQSXoxVVk
678095c6e12fadc47a5f74c1d4920949  2016-05-17-ubuntu-mate-16.04-Xenial-gpu-mpv-1080p-bt-arduino-scratch-beta2-bpi-m3-sd-emmc.img.zip https://googledrive.com/host/0B6FbwMfcqfFZY0I4SUZ2QlhQYUk
c9db6d2a5eaa6fc9934f2cfd73534768  2016-05-17-debian-8-jessie-mate-gpu-mpv-arduino-scratch-beta2-bpi-m3-sd-emmc.img.zip https://googledrive.com/host/0B6FbwMfcqfFZclQxRlhjeXRuQ28
f9b4b038ff02fabfd35b1fe70aa58090  2016-05-16-debian-8-jessie-mate-gpu-mpv-1080p-bpi-m3-sd-emmc.img.zip https://googledrive.com/host/0B_YnvHgh2rwjX0djZERFcmlYWGM
14fd10f8985b2882269128f9bdd6d100  2016-05-16-debian-8-jessie-mate-gpu-bpi-m3-sd-emmc.img.zip https://googledrive.com/host/0B_YnvHgh2rwjdlN4bVFZVzd3YlE
ea6660f5d3284c61e8950af6704bb76e  2016-05-16-debian-8-jessie-mate-bpi-m2p-sd-emmc.img.zip https://googledrive.com/host/0B_YnvHgh2rwjSmNoXzNsbUJuNGM
a5e97091d32c6e43a3093096ace1a4bd  2016-05-16-debian-8-jessie-mate-bpi-m3-sd-emmc.img.zip https://googledrive.com/host/0B_YnvHgh2rwjSXItR0pCMXFkX00
ce597a8fcb93957f70cc2f702166c18e  2016-05-15-OpenELEC-H3.arm-7.0-devel-20160510-preview-bpi-m2p-sd-emmc.img.zip https://googledrive.com/host/0B_YnvHgh2rwjODNPWHNzVlYwUFE
93b9a4d16d55dc5e99795d8084f4f941  2016-05-15-debian-8-jessie-lite-bpi-m2p-sd-emmc.img.zip https://googledrive.com/host/0B_YnvHgh2rwjQ1g5SG03bG9YYzg
08f1c6d7f7a30d2ed5c4b623b63726d5  2016-05-15-debian-8-jessie-lite-bpi-m3-sd-emmc.img.zip https://googledrive.com/host/0B_YnvHgh2rwjc2pkTDl4QzFxMFE
070e761abd125e4c0e0b44b492699c70  2016-05-14-dietpi-preview-bpi-m2p-sd-emmc.img.zip https://googledrive.com/host/0B_YnvHgh2rwjbFR6S3VPM1VGTG8
0b0ee2f45bcec3a7d7a610fa48e74cda  2016-05-14-dietpi-preview-bpi-m3-sd-emmc.img.zip https://googledrive.com/host/0B_YnvHgh2rwjTkxWc1dkNDJZc3c
b8eafe5c4c03b1de2230116b18f35278  2016-05-13-raspbian-jessie-mate-gpu-bpi-m3-sd-emmc.img.zip https://googledrive.com/host/0B_YnvHgh2rwjNHF3N3hQZXhDWUU
3255de56840e56b2c9bb8210fdd3a4c6  2016-05-13-raspbian-jessie-mate-bpi-m2p-sd-emmc.img.zip https://googledrive.com/host/0B_YnvHgh2rwjQWxMSUlmMnR6Rjg
6689f1e38eb57357bbc33407991d06be  2016-05-12-centos-lite-preview-bpi-m2p.img.zip https://googledrive.com/host/0B_YnvHgh2rwjWFhqdFZrWmJTOG8
7e2397952da69bdd72f923234b838365  2016-05-12-centos-lite-preview-bpi-m3.img.zip https://googledrive.com/host/0B_YnvHgh2rwjUDg5SmR3dV93c3M
27f3532f9d067e44f2ad4623be36405d  2016-05-12-kali-xfce-bpi-m2p-sd-emmc.img.zip https://googledrive.com/host/0B_YnvHgh2rwja0YtbDZFVm5hVmc
024f033b00099800c909d0e4dd524721  2016-05-12-kali-xfce-bpi-m3-sd-emmc.img.zip https://googledrive.com/host/0B_YnvHgh2rwjRXg1bVpUbFFjb1U
d061987985a411fc8f6f9be341cb0c9a  2016-05-12-gentoo-stage3-armv7a_lite-bpi-m2p-sd-emmc.img.zip https://googledrive.com/host/0B_YnvHgh2rwjenluaDhfZ2p4dmc
c056a4345a229eb380cd46e23105eb7f  2016-05-12-gentoo-stage3-armv7a_lite-bpi-m3-sd-emmc.img.zip https://googledrive.com/host/0B_YnvHgh2rwjQU11b3ZhTEhXb3c
5b869d564168658f949c902ec32cb971  2016-05-12-crux-arm-3.2-lite-bpi-m2p.img.zip https://googledrive.com/host/0B_YnvHgh2rwjSTlUb2pkb1dBQm8
0d53b27094548aa98076c70c48b308a7  2016-05-12-crux-arm-3.2-lite-bpi-m3.img.zip https://googledrive.com/host/0B_YnvHgh2rwjUkFubzNRNzJYbE0
064d13cc5931307091b2ce392ab6a854  2016-05-11-openSUSE-Tumbleweed-ARM-Mate-bpi-m2p-sd-emmc.img.zip https://googledrive.com/host/0B_YnvHgh2rwjMDJYMWdrVlR6Tkk
ca4b8e0a1d7809f5ffeaab018a138d6d  2016-05-11-openSUSE-Tumbleweed-ARM-Mate-bpi-m3-sd-emmc.img.zip https://googledrive.com/host/0B_YnvHgh2rwjSzkzem9TSG81MjQ
efc1a119d0326f69ed2ee986d7a38a2e  2016-05-11-Fedora-Mate-armhfp-23-10-bpi-m2p-sd-emmc.img.zip https://googledrive.com/host/0B_YnvHgh2rwjcjd0RFVPM25mNDQ
f52524ca5625f43c98ad7ccfe2154384  2016-05-11-Fedora-Mate-armhfp-23-10-bpi-m3-sd-emmc.img.zip https://googledrive.com/host/0B_YnvHgh2rwjRWdVNXZDcl9NUVU
4f60a9a32bac18c3f06918b0aee3b874  2016-05-10-ArchLinuxARM-lite-bpi-m2p.img.zip https://googledrive.com/host/0B_YnvHgh2rwjMDd5N0dtNTVGYTA
2f0b41f4cfe7fb34aadcaa60f45d1283  2016-05-10-ArchLinuxARM-lite-bpi-m3.img.zip https://googledrive.com/host/0B_YnvHgh2rwjOEttQUdyRTBzRE0
31a8e24abc76c2ba21a02ce399315b25  2016-05-06-ubuntu-mate-16.04_Xenial_mpv_1080p-bpi-m2p_preview-sd-emmc.img.zip https://googledrive.com/host/0B_YnvHgh2rwjUHhRMl8zLWIwaDA
25353a3d7c2fba11cb34b03b27f75ccf  2016-05-05-u1510_gpu_vpu_camera_bt_bpi-m2p_beta.img.zip https://googledrive.com/host/0B_YnvHgh2rwjM1dBNnYtaWUyOVU
5a2ea7fdbda968c5b1b1feb5d0021acb 2016-04-11-Armbian_5.07_Bananapim2plus_Debian_jessie_3.4.111_desktop_preview.img.zip https://googledrive.com/host/0B_YnvHgh2rwjUmV3ZVFhNFhrdjg 
31143d36e091e72e9e496d80c563efc7 2016-04-08-raspbian-jessie-bpi-m2.img.zip https://googledrive.com/host/0B_YnvHgh2rwjNk41T18zSERlcG8
